exports[`test should render SelectProjects 1`] = `
<div
  className="inline field">
  <label>
    Projets
  </label>
  <div
    aria-busy={false}
    aria-disabled={undefined}
    aria-expanded={false}
    className="ui search selection left pointing link item dropdown"
    onBlur={[Function]}
    onChange={[Function]}
    onClick={[Function]}
    onFocus={[Function]}
    onMouseDown={[Function]}
    role="combobox"
    tabIndex={undefined}>
    <select
      aria-hidden="true"
      multiple={undefined}
      name={undefined}
      type="hidden"
      value="">
      <option
        value="" />
      <option
        value="">
        Tous les projets
      </option>
      <option
        value={1}>
        eCookbook
      </option>
      <option
        value={5}>
        Private child of eCookbook
      </option>
      <option
        value={6}>
        Child of private child
      </option>
      <option
        value={3}>
        eCookbook Subproject 1
      </option>
      <option
        value={4}>
        eCookbook Subproject 2
      </option>
      <option
        value={2}>
        OnlineStore
      </option>
    </select>
    <input
      aria-autocomplete="list"
      autoComplete="off"
      className="search"
      name="-search"
      onChange={[Function]}
      style={
        Object {
          "width": undefined,
        }
      }
      tabIndex={0}
      type="text"
      value="" />
    <div
      className="default text">
      Tous les projets
    </div>
    <i
      aria-hidden="true"
      className="dropdown icon" />
    <div
      aria-multiselectable={undefined}
      className="menu transition"
      role="listbox">
      <div
        aria-checked={true}
        aria-disabled={undefined}
        aria-selected={true}
        className="active selected item"
        onClick={[Function]}
        role="option"
        style={
          Object {
            "pointerEvents": "all",
          }
        }>
        <span
          className="text">
          Tous les projets
        </span>
      </div>
      <div
        aria-checked={false}
        aria-disabled={undefined}
        aria-selected={false}
        className="item"
        onClick={[Function]}
        role="option"
        style={
          Object {
            "pointerEvents": "all",
          }
        }>
        <span
          className="text">
          eCookbook
        </span>
      </div>
      <div
        aria-checked={false}
        aria-disabled={undefined}
        aria-selected={false}
        className="item"
        onClick={[Function]}
        role="option"
        style={
          Object {
            "pointerEvents": "all",
          }
        }>
        <span
          className="text">
          Private child of eCookbook
        </span>
      </div>
      <div
        aria-checked={false}
        aria-disabled={undefined}
        aria-selected={false}
        className="item"
        onClick={[Function]}
        role="option"
        style={
          Object {
            "pointerEvents": "all",
          }
        }>
        <span
          className="text">
          Child of private child
        </span>
      </div>
      <div
        aria-checked={false}
        aria-disabled={undefined}
        aria-selected={false}
        className="item"
        onClick={[Function]}
        role="option"
        style={
          Object {
            "pointerEvents": "all",
          }
        }>
        <span
          className="text">
          eCookbook Subproject 1
        </span>
      </div>
      <div
        aria-checked={false}
        aria-disabled={undefined}
        aria-selected={false}
        className="item"
        onClick={[Function]}
        role="option"
        style={
          Object {
            "pointerEvents": "all",
          }
        }>
        <span
          className="text">
          eCookbook Subproject 2
        </span>
      </div>
      <div
        aria-checked={false}
        aria-disabled={undefined}
        aria-selected={false}
        className="item"
        onClick={[Function]}
        role="option"
        style={
          Object {
            "pointerEvents": "all",
          }
        }>
        <span
          className="text">
          OnlineStore
        </span>
      </div>
    </div>
  </div>
</div>
`;
