exports[`test should render CustomQueries 1`] = `
<div
  className="ui secondary vertical menu">
  <div
    aria-busy={undefined}
    aria-disabled={undefined}
    aria-expanded={false}
    aria-multiselectable={undefined}
    className="ui item dropdown"
    onBlur={[Function]}
    onChange={[Function]}
    onClick={[Function]}
    onFocus={[Function]}
    onMouseDown={[Function]}
    role="listbox"
    tabIndex={0}>
    <div
      className="text">
      Mes demandes par priorité
    </div>
    <div
      className="menu transition" />
  </div>
  <div
    aria-busy={undefined}
    aria-disabled={undefined}
    aria-expanded={false}
    aria-multiselectable={undefined}
    className="ui item dropdown"
    onBlur={[Function]}
    onChange={[Function]}
    onClick={[Function]}
    onFocus={[Function]}
    onMouseDown={[Function]}
    role="listbox"
    tabIndex={0}>
    <div
      className="text">
      Demandes surveillées
    </div>
    <div
      className="menu transition" />
  </div>
  <div
    aria-busy={undefined}
    aria-disabled={undefined}
    aria-expanded={false}
    aria-multiselectable={undefined}
    className="ui item dropdown"
    onBlur={[Function]}
    onChange={[Function]}
    onClick={[Function]}
    onFocus={[Function]}
    onMouseDown={[Function]}
    role="listbox"
    tabIndex={0}>
    <div
      className="text">
      Traité sans activité récente
    </div>
    <div
      className="menu transition" />
  </div>
  <div
    aria-busy={undefined}
    aria-disabled={undefined}
    aria-expanded={false}
    aria-multiselectable={undefined}
    className="ui item dropdown"
    onBlur={[Function]}
    onChange={[Function]}
    onClick={[Function]}
    onFocus={[Function]}
    onMouseDown={[Function]}
    role="listbox"
    tabIndex={0}>
    <div
      className="text">
      Recherche avancée
    </div>
    <i
      aria-hidden="true"
      className="dropdown icon" />
    <div
      className="menu transition" />
  </div>
</div>
`;
