exports[`test should render SelectTrackers 1`] = `
<div
  aria-busy={false}
  aria-disabled={undefined}
  aria-expanded={false}
  className="ui fluid search selection dropdown"
  onBlur={[Function]}
  onChange={[Function]}
  onClick={[Function]}
  onFocus={[Function]}
  onMouseDown={[Function]}
  role="combobox"
  tabIndex={undefined}>
  <select
    aria-hidden="true"
    multiple={undefined}
    name={undefined}
    type="hidden"
    value="">
    <option
      value="" />
    <option
      value={1}>
      Bug
    </option>
    <option
      value={2}>
      Feature request
    </option>
    <option
      value={3}>
      Support request
    </option>
    <option
      value={undefined} />
  </select>
  <input
    aria-autocomplete="list"
    autoComplete="off"
    className="search"
    name="-search"
    onChange={[Function]}
    style={
      Object {
        "width": undefined,
      }
    }
    tabIndex={0}
    type="text"
    value="" />
  <div
    className="default text">
    Trackers
  </div>
  <i
    aria-hidden="true"
    className="dropdown icon" />
  <div
    aria-multiselectable={undefined}
    className="menu transition"
    role="listbox">
    <div
      aria-checked={false}
      aria-disabled={undefined}
      aria-selected={true}
      className="selected item"
      onClick={[Function]}
      role="option"
      style={
        Object {
          "pointerEvents": "all",
        }
      }>
      <span
        className="text">
        Bug
      </span>
    </div>
    <div
      aria-checked={false}
      aria-disabled={undefined}
      aria-selected={false}
      className="item"
      onClick={[Function]}
      role="option"
      style={
        Object {
          "pointerEvents": "all",
        }
      }>
      <span
        className="text">
        Feature request
      </span>
    </div>
    <div
      aria-checked={false}
      aria-disabled={undefined}
      aria-selected={false}
      className="item"
      onClick={[Function]}
      role="option"
      style={
        Object {
          "pointerEvents": "all",
        }
      }>
      <span
        className="text">
        Support request
      </span>
    </div>
    <div
      aria-checked={false}
      aria-disabled={undefined}
      aria-selected={false}
      className="item"
      onClick={[Function]}
      role="option"
      style={
        Object {
          "pointerEvents": "all",
        }
      } />
  </div>
</div>
`;
